
> culinary-companion@0.1.0 test
> react-scripts test --watchAll --coverage --watchAll=false --testLocationInResults --verbose

PASS src/components/__tests__/LoadingTransition.test.js
  LoadingTransition
    ✓ renders loading message (21 ms)
    ✓ renders loading spinner (5 ms)
    ✓ centers content vertically and horizontally (11 ms)

  console.error
    Warning: RecipeCard: Support for defaultProps will be removed from function components in a future major release. Use JavaScript default parameters instead.
        at RecipeCard (/Users/I578221/culinarycompanion/src/components/RecipeCard.js:5:23)

      18 | describe('RecipeCard', () => {
      19 |   it('renders recipe details', () => {
    > 20 |     const { getByText, getAllByRole } = render(<RecipeCard recipe={mockRecipe} />);
         |                                               ^
      21 |     expect(getByText('Test Recipe')).toBeInTheDocument();
      22 |     expect(getByText('A delicious test.')).toBeInTheDocument();
      23 |     expect(getByText('Medium')).toBeInTheDocument();

      at printWarning (node_modules/react-dom/cjs/react-dom.development.js:86:30)
      at error (node_modules/react-dom/cjs/react-dom.development.js:60:7)
      at validateFunctionComponentInDev (node_modules/react-dom/cjs/react-dom.development.js:20230:9)
      at mountIndeterminateComponent (node_modules/react-dom/cjs/react-dom.development.js:20189:7)
      at beginWork (node_modules/react-dom/cjs/react-dom.development.js:21626:16)
      at beginWork$1 (node_modules/react-dom/cjs/react-dom.development.js:27465:14)
      at performUnitOfWork (node_modules/react-dom/cjs/react-dom.development.js:26599:12)
      at workLoopSync (node_modules/react-dom/cjs/react-dom.development.js:26505:5)
      at renderRootSync (node_modules/react-dom/cjs/react-dom.development.js:26473:7)
      at performConcurrentWorkOnRoot (node_modules/react-dom/cjs/react-dom.development.js:25777:74)
      at flushActQueue (node_modules/react/cjs/react.development.js:2667:24)
      at act (node_modules/react/cjs/react.development.js:2582:11)
      at node_modules/@testing-library/react/dist/act-compat.js:47:25
      at renderRoot (node_modules/@testing-library/react/dist/pure.js:180:26)
      at render (node_modules/@testing-library/react/dist/pure.js:271:10)
      at Object.<anonymous> (src/components/__tests__/RecipeCard.test.js:20:47)

PASS src/components/__tests__/LoadingCard.test.js
  LoadingCard
    ✓ renders with default props (24 ms)
    ✓ renders with custom number of lines (5 ms)
    ✓ renders with custom height (17 ms)
    ✓ applies width styles to loading lines (10 ms)
    ✓ renders with different line widths (8 ms)

PASS src/components/__tests__/Button.test.js
  Button
    ✓ renders correctly with default props (25 ms)
    ✓ renders outlined variant correctly (11 ms)
    ✓ handles click events (7 ms)
    ✓ applies correct size styles (18 ms)
    ✓ disables button when disabled prop is true (3 ms)
    ✓ applies custom styles (8 ms)
    ✓ renders with startIcon (3 ms)
    ✓ renders with endIcon (5 ms)

  console.error
    Warning: RecipeCard: Support for defaultProps will be removed from function components in a future major release. Use JavaScript default parameters instead.
        at RecipeCard (/Users/I578221/culinarycompanion/src/components/RecipeCard.js:5:23)
        at div
        at MotionComponent (/Users/I578221/culinarycompanion/node_modules/framer-motion/dist/cjs/create-BErHrlzf.js:8337:22)
        at div
        at /Users/I578221/culinarycompanion/node_modules/@emotion/react/dist/emotion-element-a1829a1e.cjs.js:58:23
        at Grid (/Users/I578221/culinarycompanion/node_modules/@mui/material/node/Grid/Grid.js:381:64)
        at div
        at /Users/I578221/culinarycompanion/node_modules/@emotion/react/dist/emotion-element-a1829a1e.cjs.js:58:23
        at Grid (/Users/I578221/culinarycompanion/node_modules/@mui/material/node/Grid/Grid.js:381:64)
        at div
        at /Users/I578221/culinarycompanion/node_modules/@emotion/react/dist/emotion-element-a1829a1e.cjs.js:58:23
        at Box (/Users/I578221/culinarycompanion/node_modules/@mui/system/createBox.js:31:41)
        at div
        at /Users/I578221/culinarycompanion/node_modules/@emotion/react/dist/emotion-element-a1829a1e.cjs.js:58:23
        at Box (/Users/I578221/culinarycompanion/node_modules/@mui/system/createBox.js:31:41)
        at div
        at /Users/I578221/culinarycompanion/node_modules/@emotion/react/dist/emotion-element-a1829a1e.cjs.js:58:23
        at Box (/Users/I578221/culinarycompanion/node_modules/@mui/system/createBox.js:31:41)
        at div
        at /Users/I578221/culinarycompanion/node_modules/@emotion/react/dist/emotion-element-a1829a1e.cjs.js:58:23
        at Container (/Users/I578221/culinarycompanion/node_modules/@mui/system/Container/createContainer.js:110:19)
        at ResultsPage (/Users/I578221/culinarycompanion/src/components/ResultsPage.js:19:24)
        at DefaultPropsProvider (/Users/I578221/culinarycompanion/node_modules/@mui/system/DefaultPropsProvider/DefaultPropsProvider.js:18:3)
        at RtlProvider (/Users/I578221/culinarycompanion/node_modules/@mui/system/RtlProvider/index.js:19:7)
        at ThemeProvider (/Users/I578221/culinarycompanion/node_modules/@mui/private-theming/node/ThemeProvider/ThemeProvider.js:39:5)
        at ThemeProvider (/Users/I578221/culinarycompanion/node_modules/@mui/system/ThemeProvider/ThemeProvider.js:52:5)
        at ThemeProvider (/Users/I578221/culinarycompanion/node_modules/@mui/material/node/styles/ThemeProvider.js:21:14)

      39 |
      40 |   const renderWithTheme = (component) => {
    > 41 |     return render(
         |                  ^
      42 |       <ThemeProvider theme={getTheme('light')}>
      43 |         {component}
      44 |       </ThemeProvider>

      at printWarning (node_modules/react-dom/cjs/react-dom.development.js:86:30)
      at error (node_modules/react-dom/cjs/react-dom.development.js:60:7)
      at validateFunctionComponentInDev (node_modules/react-dom/cjs/react-dom.development.js:20230:9)
      at mountIndeterminateComponent (node_modules/react-dom/cjs/react-dom.development.js:20189:7)
      at beginWork (node_modules/react-dom/cjs/react-dom.development.js:21626:16)
      at beginWork$1 (node_modules/react-dom/cjs/react-dom.development.js:27465:14)
      at performUnitOfWork (node_modules/react-dom/cjs/react-dom.development.js:26599:12)
      at workLoopSync (node_modules/react-dom/cjs/react-dom.development.js:26505:5)
      at renderRootSync (node_modules/react-dom/cjs/react-dom.development.js:26473:7)
      at performConcurrentWorkOnRoot (node_modules/react-dom/cjs/react-dom.development.js:25777:74)
      at flushActQueue (node_modules/react/cjs/react.development.js:2667:24)
      at act (node_modules/react/cjs/react.development.js:2582:11)
      at node_modules/@testing-library/react/dist/act-compat.js:47:25
      at renderRoot (node_modules/@testing-library/react/dist/pure.js:180:26)
      at render (node_modules/@testing-library/react/dist/pure.js:271:10)
      at renderWithTheme (src/components/__tests__/ResultsPage.test.js:41:18)
      at Object.<anonymous> (src/components/__tests__/ResultsPage.test.js:53:5)

PASS src/components/__tests__/InputPage.test.js
  InputPage
    ✓ renders correctly (48 ms)
    ✓ handles input changes (16 ms)
    ✓ handles form submission (13 ms)
    ✓ disables button when no ingredients (9 ms)
    ✓ enables button when ingredients present (11 ms)
    ✓ handles Enter key press (10 ms)
    ✓ does not submit on Enter when ingredients empty (10 ms)

FAIL src/components/__tests__/RecipeCard.test.js
  RecipeCard
    ✕ renders recipe details (109 ms)
    ✕ calls onFavoriteToggle when favorite is clicked (5 ms)
    ✕ calls onClick when card is clicked (4 ms)
    ✕ expands and collapses when expand icon is clicked (2 ms)
    ✓ applies mobile styles when mobile prop is true (45 ms)

  ● RecipeCard › renders recipe details

    TestingLibraryElementError: Unable to find an element with the text: Medium. This could be because the text is broken up by multiple elements. In this case, you can provide a function for your text matcher to make your matcher more flexible.

    Ignored nodes: comments, script, style
    [36m<body>[39m
      [36m<div>[39m
        [36m<div[39m
          [33mclass[39m=[32m"MuiPaper-root MuiPaper-elevation MuiPaper-rounded MuiPaper-elevation1 MuiCard-root css-10hc9aj-MuiPaper-root-MuiCard-root"[39m
          [33mtabindex[39m=[32m"0"[39m
        [36m>[39m
          [36m<div[39m
            [33mclass[39m=[32m"MuiCardContent-root css-ou9nth-MuiCardContent-root"[39m
          [36m>[39m
            [36m<h2[39m
              [33mclass[39m=[32m"MuiTypography-root MuiTypography-h5 MuiTypography-alignLeft MuiTypography-gutterBottom css-178p23g-MuiTypography-root"[39m
            [36m>[39m
              [0mTest Recipe[0m
            [36m</h2>[39m
            [36m<p[39m
              [33mclass[39m=[32m"MuiTypography-root MuiTypography-body1 MuiTypography-alignLeft MuiTypography-gutterBottom css-pbuhtv-MuiTypography-root"[39m
            [36m>[39m
              [0mA delicious test.[0m
            [36m</p>[39m
            [36m<div[39m
              [33mclass[39m=[32m"MuiBox-root css-1yuhvjn"[39m
            [36m>[39m
              [36m<p[39m
                [33mclass[39m=[32m"MuiTypography-root MuiTypography-body1 MuiTypography-alignLeft MuiTypography-gutterBottom css-1wdo1vn-MuiTypography-root"[39m
              [36m>[39m
                [0mInstructions:[0m
              [36m</p>[39m
              [36m<ul[39m
                [33mclass[39m=[32m"MuiList-root css-1bdkkrg-MuiList-root"[39m
              [36m/>[39m
            [36m</div>[39m
          [36m</div>[39m
        [36m</div>[39m
      [36m</div>[39m
    [36m</body>[39m

      21 |     expect(getByText('Test Recipe')).toBeInTheDocument();
      22 |     expect(getByText('A delicious test.')).toBeInTheDocument();
    > 23 |     expect(getByText('Medium')).toBeInTheDocument();
         |            ^
      24 |     expect(getByText('Healthy')).toBeInTheDocument();
      25 |     // Check serving suggestions are rendered as Chips
      26 |     const chips = getAllByRole('button', { hidden: true }); // Chips are buttons

      at Object.getElementError (node_modules/@testing-library/react/node_modules/@testing-library/dom/dist/config.js:37:19)
      at node_modules/@testing-library/react/node_modules/@testing-library/dom/dist/query-helpers.js:76:38
      at node_modules/@testing-library/react/node_modules/@testing-library/dom/dist/query-helpers.js:52:17
      at getByText (node_modules/@testing-library/react/node_modules/@testing-library/dom/dist/query-helpers.js:95:19)
      at Object.<anonymous> (src/components/__tests__/RecipeCard.test.js:23:12)

  ● RecipeCard › calls onFavoriteToggle when favorite is clicked

    TestingLibraryElementError: Unable to find a label with the text of: /add to favorites/i

    Ignored nodes: comments, script, style
    [36m<body>[39m
      [36m<div>[39m
        [36m<div[39m
          [33mclass[39m=[32m"MuiPaper-root MuiPaper-elevation MuiPaper-rounded MuiPaper-elevation1 MuiCard-root css-10hc9aj-MuiPaper-root-MuiCard-root"[39m
          [33mtabindex[39m=[32m"0"[39m
        [36m>[39m
          [36m<div[39m
            [33mclass[39m=[32m"MuiCardContent-root css-ou9nth-MuiCardContent-root"[39m
          [36m>[39m
            [36m<h2[39m
              [33mclass[39m=[32m"MuiTypography-root MuiTypography-h5 MuiTypography-alignLeft MuiTypography-gutterBottom css-178p23g-MuiTypography-root"[39m
            [36m>[39m
              [0mTest Recipe[0m
            [36m</h2>[39m
            [36m<p[39m
              [33mclass[39m=[32m"MuiTypography-root MuiTypography-body1 MuiTypography-alignLeft MuiTypography-gutterBottom css-pbuhtv-MuiTypography-root"[39m
            [36m>[39m
              [0mA delicious test.[0m
            [36m</p>[39m
            [36m<div[39m
              [33mclass[39m=[32m"MuiBox-root css-1yuhvjn"[39m
            [36m>[39m
              [36m<p[39m
                [33mclass[39m=[32m"MuiTypography-root MuiTypography-body1 MuiTypography-alignLeft MuiTypography-gutterBottom css-1wdo1vn-MuiTypography-root"[39m
              [36m>[39m
                [0mInstructions:[0m
              [36m</p>[39m
              [36m<ul[39m
                [33mclass[39m=[32m"MuiList-root css-1bdkkrg-MuiList-root"[39m
              [36m/>[39m
            [36m</div>[39m
          [36m</div>[39m
        [36m</div>[39m
      [36m</div>[39m
    [36m</body>[39m

      34 |       <RecipeCard recipe={mockRecipe} onFavoriteToggle={onFavoriteToggle} />
      35 |     );
    > 36 |     fireEvent.click(getByLabelText(/add to favorites/i));
         |                     ^
      37 |     expect(onFavoriteToggle).toHaveBeenCalled();
      38 |   });
      39 |

      at Object.getElementError (node_modules/@testing-library/react/node_modules/@testing-library/dom/dist/config.js:37:19)
      at getAllByLabelText (node_modules/@testing-library/react/node_modules/@testing-library/dom/dist/queries/label-text.js:111:38)
      at node_modules/@testing-library/react/node_modules/@testing-library/dom/dist/query-helpers.js:52:17
      at getByLabelText (node_modules/@testing-library/react/node_modules/@testing-library/dom/dist/query-helpers.js:95:19)
      at Object.<anonymous> (src/components/__tests__/RecipeCard.test.js:36:21)

  ● RecipeCard › calls onClick when card is clicked

    expect(jest.fn()).toHaveBeenCalled()

    Expected number of calls: >= 1
    Received number of calls:    0

      44 |     );
      45 |     fireEvent.click(getByText('Test Recipe'));
    > 46 |     expect(onClick).toHaveBeenCalled();
         |                     ^
      47 |   });
      48 |
      49 |   it('expands and collapses when expand icon is clicked', () => {

      at Object.<anonymous> (src/components/__tests__/RecipeCard.test.js:46:21)

  ● RecipeCard › expands and collapses when expand icon is clicked

    ReferenceError: getByRole is not defined

      52 |       <RecipeCard recipe={mockRecipe} expanded={false} onExpandClick={onExpandClick} />
      53 |     );
    > 54 |     fireEvent.click(getByRole('button', { name: /show more/i }));
         |               ^
      55 |     expect(onExpandClick).toHaveBeenCalled();
      56 |   });
      57 |

      at Object.<anonymous> (src/components/__tests__/RecipeCard.test.js:54:15)

  console.error
    Error: Error: API Error
        at Object.<anonymous> (/Users/I578221/culinarycompanion/src/App.test.js:39:38)
        at Promise.then.completed (/Users/I578221/culinarycompanion/node_modules/jest-circus/build/utils.js:391:28)
        at new Promise (<anonymous>)
        at callAsyncCircusFn (/Users/I578221/culinarycompanion/node_modules/jest-circus/build/utils.js:316:10)
        at _callCircusTest (/Users/I578221/culinarycompanion/node_modules/jest-circus/build/run.js:218:40)
        at processTicksAndRejections (node:internal/process/task_queues:105:5)
        at _runTest (/Users/I578221/culinarycompanion/node_modules/jest-circus/build/run.js:155:3)
        at _runTestsForDescribeBlock (/Users/I578221/culinarycompanion/node_modules/jest-circus/build/run.js:66:9)
        at _runTestsForDescribeBlock (/Users/I578221/culinarycompanion/node_modules/jest-circus/build/run.js:60:9)
        at run (/Users/I578221/culinarycompanion/node_modules/jest-circus/build/run.js:25:3)
        at runAndTransformResultsToJestFormat (/Users/I578221/culinarycompanion/node_modules/jest-circus/build/legacy-code-todo-rewrite/jestAdapterInit.js:170:21)
        at jestAdapter (/Users/I578221/culinarycompanion/node_modules/jest-circus/build/legacy-code-todo-rewrite/jestAdapter.js:82:19)
        at runTestInternal (/Users/I578221/culinarycompanion/node_modules/jest-runner/build/runTest.js:389:16)
        at runTest (/Users/I578221/culinarycompanion/node_modules/jest-runner/build/runTest.js:475:34)
        at Object.worker (/Users/I578221/culinarycompanion/node_modules/jest-runner/build/testWorker.js:133:12)

      73 |     } catch (err) {
      74 |       setError('Failed to generate recipes. Please try again.');
    > 75 |       console.error('Error:', err);
         |               ^
      76 |     } finally {
      77 |       setLoading(false);
      78 |     }

      at generateRecipes (src/App.js:75:15)

  console.error
    Warning: RecipeCard: Support for defaultProps will be removed from function components in a future major release. Use JavaScript default parameters instead.
        at RecipeCard (/Users/I578221/culinarycompanion/src/components/RecipeCard.js:5:23)
        at div
        at MotionComponent (/Users/I578221/culinarycompanion/node_modules/framer-motion/dist/cjs/create-BErHrlzf.js:8337:22)
        at div
        at /Users/I578221/culinarycompanion/node_modules/@emotion/react/dist/emotion-element-a1829a1e.cjs.js:58:23
        at Grid (/Users/I578221/culinarycompanion/node_modules/@mui/material/node/Grid/Grid.js:381:64)
        at div
        at /Users/I578221/culinarycompanion/node_modules/@emotion/react/dist/emotion-element-a1829a1e.cjs.js:58:23
        at Grid (/Users/I578221/culinarycompanion/node_modules/@mui/material/node/Grid/Grid.js:381:64)
        at div
        at /Users/I578221/culinarycompanion/node_modules/@emotion/react/dist/emotion-element-a1829a1e.cjs.js:58:23
        at Box (/Users/I578221/culinarycompanion/node_modules/@mui/system/createBox.js:31:41)
        at div
        at /Users/I578221/culinarycompanion/node_modules/@emotion/react/dist/emotion-element-a1829a1e.cjs.js:58:23
        at Box (/Users/I578221/culinarycompanion/node_modules/@mui/system/createBox.js:31:41)
        at div
        at /Users/I578221/culinarycompanion/node_modules/@emotion/react/dist/emotion-element-a1829a1e.cjs.js:58:23
        at Box (/Users/I578221/culinarycompanion/node_modules/@mui/system/createBox.js:31:41)
        at div
        at /Users/I578221/culinarycompanion/node_modules/@emotion/react/dist/emotion-element-a1829a1e.cjs.js:58:23
        at Container (/Users/I578221/culinarycompanion/node_modules/@mui/system/Container/createContainer.js:110:19)
        at ResultsPage (/Users/I578221/culinarycompanion/src/components/ResultsPage.js:19:24)
        at DefaultPropsProvider (/Users/I578221/culinarycompanion/node_modules/@mui/system/DefaultPropsProvider/DefaultPropsProvider.js:18:3)
        at RtlProvider (/Users/I578221/culinarycompanion/node_modules/@mui/system/RtlProvider/index.js:19:7)
        at ThemeProvider (/Users/I578221/culinarycompanion/node_modules/@mui/private-theming/node/ThemeProvider/ThemeProvider.js:39:5)
        at ThemeProvider (/Users/I578221/culinarycompanion/node_modules/@mui/system/ThemeProvider/ThemeProvider.js:52:5)
        at ThemeProvider (/Users/I578221/culinarycompanion/node_modules/@mui/material/node/styles/ThemeProvider.js:21:14)
        at App (/Users/I578221/culinarycompanion/src/App.js:13:49)

      at printWarning (node_modules/react-dom/cjs/react-dom.development.js:86:30)
      at error (node_modules/react-dom/cjs/react-dom.development.js:60:7)
      at validateFunctionComponentInDev (node_modules/react-dom/cjs/react-dom.development.js:20230:9)
      at mountIndeterminateComponent (node_modules/react-dom/cjs/react-dom.development.js:20189:7)
      at beginWork (node_modules/react-dom/cjs/react-dom.development.js:21626:16)
      at beginWork$1 (node_modules/react-dom/cjs/react-dom.development.js:27465:14)
      at performUnitOfWork (node_modules/react-dom/cjs/react-dom.development.js:26599:12)
      at workLoopSync (node_modules/react-dom/cjs/react-dom.development.js:26505:5)
      at renderRootSync (node_modules/react-dom/cjs/react-dom.development.js:26473:7)
      at performConcurrentWorkOnRoot (node_modules/react-dom/cjs/react-dom.development.js:25777:74)
      at flushActQueue (node_modules/react/cjs/react.development.js:2667:24)
      at recursivelyFlushAsyncActWork (node_modules/react/cjs/react.development.js:2633:9)
      at Immediate._onImmediate (node_modules/react/cjs/react.development.js:2641:13)

  console.log
    Full response from n8n: { recipe_output: '' }

      at generateRecipes (src/App.js:70:17)

FAIL src/services/__tests__/api.test.js
  ● Test suite failed to run

    Cannot find module '../api' from 'src/services/__tests__/api.test.js'

    > 1 | const { fetchRecipes } = require('../api');
        |                          ^
      2 |
      3 | describe('api.js', () => {
      4 |   beforeEach(() => {

      at Resolver.resolveModule (node_modules/jest-resolve/build/resolver.js:324:11)
      at Object.<anonymous> (src/services/__tests__/api.test.js:1:26)

  console.error
    Error: SyntaxError: Expected property name or '}' in JSON at position 2 (line 1 column 3)
        at JSON.parse (<anonymous>)
        at generateRecipes (/Users/I578221/culinarycompanion/src/App.js:65:18)

      73 |     } catch (err) {
      74 |       setError('Failed to generate recipes. Please try again.');
    > 75 |       console.error('Error:', err);
         |               ^
      76 |     } finally {
      77 |       setLoading(false);
      78 |     }

      at generateRecipes (src/App.js:75:15)

  console.error
    Warning: Function components cannot be given refs. Attempts to access this ref will fail. Did you mean to use React.forwardRef()?
    
    Check the render method of `RecipeSwiper`.
        at Swiper (/Users/I578221/culinarycompanion/src/__mocks__/swiper/react.js:2:26)
        at RecipeSwiper (/Users/I578221/culinarycompanion/src/components/RecipeSwiper.js:11:25)
        at div
        at /Users/I578221/culinarycompanion/node_modules/@emotion/react/dist/emotion-element-a1829a1e.cjs.js:58:23
        at Box (/Users/I578221/culinarycompanion/node_modules/@mui/system/createBox.js:31:41)
        at div
        at /Users/I578221/culinarycompanion/node_modules/@emotion/react/dist/emotion-element-a1829a1e.cjs.js:58:23
        at Box (/Users/I578221/culinarycompanion/node_modules/@mui/system/createBox.js:31:41)
        at div
        at /Users/I578221/culinarycompanion/node_modules/@emotion/react/dist/emotion-element-a1829a1e.cjs.js:58:23
        at Box (/Users/I578221/culinarycompanion/node_modules/@mui/system/createBox.js:31:41)
        at div
        at /Users/I578221/culinarycompanion/node_modules/@emotion/react/dist/emotion-element-a1829a1e.cjs.js:58:23
        at Container (/Users/I578221/culinarycompanion/node_modules/@mui/system/Container/createContainer.js:110:19)
        at ResultsPage (/Users/I578221/culinarycompanion/src/components/ResultsPage.js:19:24)
        at DefaultPropsProvider (/Users/I578221/culinarycompanion/node_modules/@mui/system/DefaultPropsProvider/DefaultPropsProvider.js:18:3)
        at RtlProvider (/Users/I578221/culinarycompanion/node_modules/@mui/system/RtlProvider/index.js:19:7)
        at ThemeProvider (/Users/I578221/culinarycompanion/node_modules/@mui/private-theming/node/ThemeProvider/ThemeProvider.js:39:5)
        at ThemeProvider (/Users/I578221/culinarycompanion/node_modules/@mui/system/ThemeProvider/ThemeProvider.js:52:5)
        at ThemeProvider (/Users/I578221/culinarycompanion/node_modules/@mui/material/node/styles/ThemeProvider.js:21:14)

      39 |
      40 |   const renderWithTheme = (component) => {
    > 41 |     return render(
         |                  ^
      42 |       <ThemeProvider theme={getTheme('light')}>
      43 |         {component}
      44 |       </ThemeProvider>

      at printWarning (node_modules/react-dom/cjs/react-dom.development.js:86:30)
      at error (node_modules/react-dom/cjs/react-dom.development.js:60:7)
      at validateFunctionComponentInDev (node_modules/react-dom/cjs/react-dom.development.js:20222:9)
      at mountIndeterminateComponent (node_modules/react-dom/cjs/react-dom.development.js:20189:7)
      at beginWork (node_modules/react-dom/cjs/react-dom.development.js:21626:16)
      at beginWork$1 (node_modules/react-dom/cjs/react-dom.development.js:27465:14)
      at performUnitOfWork (node_modules/react-dom/cjs/react-dom.development.js:26599:12)
      at workLoopSync (node_modules/react-dom/cjs/react-dom.development.js:26505:5)
      at renderRootSync (node_modules/react-dom/cjs/react-dom.development.js:26473:7)
      at performConcurrentWorkOnRoot (node_modules/react-dom/cjs/react-dom.development.js:25777:74)
      at flushActQueue (node_modules/react/cjs/react.development.js:2667:24)
      at act (node_modules/react/cjs/react.development.js:2582:11)
      at node_modules/@testing-library/react/dist/act-compat.js:47:25
      at renderRoot (node_modules/@testing-library/react/dist/pure.js:180:26)
      at render (node_modules/@testing-library/react/dist/pure.js:271:10)
      at renderWithTheme (src/components/__tests__/ResultsPage.test.js:41:18)
      at Object.<anonymous> (src/components/__tests__/ResultsPage.test.js:147:5)

PASS src/components/__tests__/ResultsPage.test.js
  ResultsPage
    ✓ renders recipes correctly (161 ms)
    ✓ handles back button click (15 ms)
    ✓ displays numbered instructions (12 ms)
    ✓ displays additional ingredients section when present (15 ms)
    ✓ renders in a two-column layout on larger screens (14 ms)
    ✓ shows loading state when isLoading is true (5 ms)
    ✓ does not show recipes when loading (6 ms)
    ✓ shows cooking pan icon (11 ms)
    ✓ has margin before recipe cards (13 ms)
    ✓ header uses Grid with button left and icon center (26 ms)
    ✓ renders mobile layout when isMobile is true (13 ms)
    ✓ renders desktop layout when isMobile is false (8 ms)

PASS src/App.test.js
  App
    ✓ renders input page initially (58 ms)
    ✓ shows loading state when generating recipes (33 ms)
    ✓ shows error message on API failure (87 ms)
    ✓ shows recipes when API call succeeds (60 ms)
    ✓ shows error if backend returns malformed JSON (38 ms)
    ✓ shows error if required fields are missing in JSON (21 ms)
    ✓ returns to input page when clicking back button (31 ms)

  console.error
    Warning: Function components cannot be given refs. Attempts to access this ref will fail. Did you mean to use React.forwardRef()?
    
    Check the render method of `RecipeSwiper`.
        at Swiper (/Users/I578221/culinarycompanion/src/__mocks__/swiper/react.js:2:26)
        at RecipeSwiper (/Users/I578221/culinarycompanion/src/components/RecipeSwiper.js:11:25)

      12 | describe('RecipeSwiper', () => {
      13 |   it('renders swiper slides for each recipe', () => {
    > 14 |     const { getByText } = render(
         |                                 ^
      15 |       <RecipeSwiper recipes={mockRecipes} />
      16 |     );
      17 |     expect(getByText('Recipe 1')).toBeInTheDocument();

      at printWarning (node_modules/react-dom/cjs/react-dom.development.js:86:30)
      at error (node_modules/react-dom/cjs/react-dom.development.js:60:7)
      at validateFunctionComponentInDev (node_modules/react-dom/cjs/react-dom.development.js:20222:9)
      at mountIndeterminateComponent (node_modules/react-dom/cjs/react-dom.development.js:20189:7)
      at beginWork (node_modules/react-dom/cjs/react-dom.development.js:21626:16)
      at beginWork$1 (node_modules/react-dom/cjs/react-dom.development.js:27465:14)
      at performUnitOfWork (node_modules/react-dom/cjs/react-dom.development.js:26599:12)
      at workLoopSync (node_modules/react-dom/cjs/react-dom.development.js:26505:5)
      at renderRootSync (node_modules/react-dom/cjs/react-dom.development.js:26473:7)
      at performConcurrentWorkOnRoot (node_modules/react-dom/cjs/react-dom.development.js:25777:74)
      at flushActQueue (node_modules/react/cjs/react.development.js:2667:24)
      at act (node_modules/react/cjs/react.development.js:2582:11)
      at node_modules/@testing-library/react/dist/act-compat.js:47:25
      at renderRoot (node_modules/@testing-library/react/dist/pure.js:180:26)
      at render (node_modules/@testing-library/react/dist/pure.js:271:10)
      at Object.<anonymous> (src/components/__tests__/RecipeSwiper.test.js:14:33)

  console.error
    Warning: RecipeCard: Support for defaultProps will be removed from function components in a future major release. Use JavaScript default parameters instead.
        at RecipeCard (/Users/I578221/culinarycompanion/src/components/RecipeCard.js:5:23)
        at div
        at /Users/I578221/culinarycompanion/node_modules/@emotion/react/dist/emotion-element-a1829a1e.cjs.js:58:23
        at Box (/Users/I578221/culinarycompanion/node_modules/@mui/system/createBox.js:31:41)
        at div
        at SwiperSlide (/Users/I578221/culinarycompanion/src/__mocks__/swiper/react.js:3:31)
        at div
        at Swiper (/Users/I578221/culinarycompanion/src/__mocks__/swiper/react.js:2:26)
        at RecipeSwiper (/Users/I578221/culinarycompanion/src/components/RecipeSwiper.js:11:25)

      12 | describe('RecipeSwiper', () => {
      13 |   it('renders swiper slides for each recipe', () => {
    > 14 |     const { getByText } = render(
         |                                 ^
      15 |       <RecipeSwiper recipes={mockRecipes} />
      16 |     );
      17 |     expect(getByText('Recipe 1')).toBeInTheDocument();

      at printWarning (node_modules/react-dom/cjs/react-dom.development.js:86:30)
      at error (node_modules/react-dom/cjs/react-dom.development.js:60:7)
      at validateFunctionComponentInDev (node_modules/react-dom/cjs/react-dom.development.js:20230:9)
      at mountIndeterminateComponent (node_modules/react-dom/cjs/react-dom.development.js:20189:7)
      at beginWork (node_modules/react-dom/cjs/react-dom.development.js:21626:16)
      at beginWork$1 (node_modules/react-dom/cjs/react-dom.development.js:27465:14)
      at performUnitOfWork (node_modules/react-dom/cjs/react-dom.development.js:26599:12)
      at workLoopSync (node_modules/react-dom/cjs/react-dom.development.js:26505:5)
      at renderRootSync (node_modules/react-dom/cjs/react-dom.development.js:26473:7)
      at performConcurrentWorkOnRoot (node_modules/react-dom/cjs/react-dom.development.js:25777:74)
      at flushActQueue (node_modules/react/cjs/react.development.js:2667:24)
      at act (node_modules/react/cjs/react.development.js:2582:11)
      at node_modules/@testing-library/react/dist/act-compat.js:47:25
      at renderRoot (node_modules/@testing-library/react/dist/pure.js:180:26)
      at render (node_modules/@testing-library/react/dist/pure.js:271:10)
      at Object.<anonymous> (src/components/__tests__/RecipeSwiper.test.js:14:33)

PASS src/components/__tests__/RecipeSwiper.test.js
  RecipeSwiper
    ✓ renders swiper slides for each recipe (41 ms)
    ✓ shows message when no recipes (1 ms)

-----------------------|---------|----------|---------|---------|-------------------
File                   | % Stmts | % Branch | % Funcs | % Lines | Uncovered Line #s 
-----------------------|---------|----------|---------|---------|-------------------
All files              |   91.74 |    83.63 |   91.17 |   92.23 |                   
 src                   |   85.18 |    58.82 |   84.61 |   86.27 |                   
  App.js               |   89.58 |       65 |   81.81 |    91.3 | 50-51,96-108      
  index.js             |       0 |      100 |     100 |       0 | 7-57              
  theme.js             |     100 |       50 |     100 |     100 | 19-136            
 src/components        |   98.18 |    94.73 |   95.23 |   98.07 |                   
  Button.js            |     100 |      100 |     100 |     100 |                   
  CookingPanIcon.js    |     100 |        0 |     100 |     100 | 45                
  InputPage.js         |   85.71 |      100 |      80 |   85.71 | 194               
  LoadingCard.js       |     100 |      100 |     100 |     100 |                   
  LoadingTransition.js |     100 |      100 |     100 |     100 |                   
  RecipeCard.js        |     100 |    96.15 |     100 |     100 | 5                 
  RecipeSwiper.js      |     100 |      100 |     100 |     100 |                   
  ResultsPage.js       |     100 |      100 |     100 |     100 |                   
  animations.js        |     100 |       50 |     100 |     100 | 53                
-----------------------|---------|----------|---------|---------|-------------------
Test Suites: 2 failed, 7 passed, 9 total
Tests:       4 failed, 45 passed, 49 total
Snapshots:   0 total
Time:        2.417 s
Ran all test suites.
